Timing Violation Report Min Delay Analysis

SmartTime Version v2021.2
Microsemi Corporation - Microsemi Libero Software Release v2021.2 (Version 2021.2.0.11)
Date: Fri Jan 21 21:25:37 2022


Design: DRM2_top
Family: IGLOO2
Die: M2GL090T
Package: 676 FBGA
Temperature Range: 0 - 85 C
Voltage Range: 1.14 - 1.26 V
Speed Grade: -1
Design State: Post-Layout
Data source: Production
Multi Corner Report Operating Conditions: BEST, TYPICAL, WORST


Path 1
  From: CAEN_LINK_instance/I_conet_interf/trigger_fifo_irq_instance/trigger_fifo_0/L31.U_corefifo_async/rptr[4]:CLK
  To:   CAEN_LINK_instance/I_conet_interf/trigger_fifo_irq_instance/trigger_fifo_0/L31.U_corefifo_async/rptr[4]:D
  Delay (ns):              0.534
  Slack (ns):             -4.267
  Arrival (ns):            1.041
  Required (ns):           5.308
  Operating Conditions:    WORST

Path 2
  From: CAEN_LINK_instance/I_conet_interf/trigger_fifo_irq_instance/trigger_fifo_0/L31.U_corefifo_async/rptr[1]:CLK
  To:   CAEN_LINK_instance/I_conet_interf/trigger_fifo_irq_instance/trigger_fifo_0/L31.U_corefifo_async/rptr_gray[1]:D
  Delay (ns):              0.555
  Slack (ns):             -4.262
  Arrival (ns):            1.071
  Required (ns):           5.333
  Operating Conditions:    WORST

Path 3
  From: CAEN_LINK_instance/I_conet_interf/trigger_fifo_irq_instance/trigger_fifo_0/L31.U_corefifo_async/rptr[1]:CLK
  To:   CAEN_LINK_instance/I_conet_interf/trigger_fifo_irq_instance/trigger_fifo_0/L31.U_corefifo_async/rptr[1]:D
  Delay (ns):              0.561
  Slack (ns):             -4.240
  Arrival (ns):            1.077
  Required (ns):           5.317
  Operating Conditions:    WORST

Path 4
  From: CAEN_LINK_instance/I_conet_interf/trigger_fifo_irq_instance/trigger_fifo_0/L31.U_corefifo_async/rptr[4]:CLK
  To:   CAEN_LINK_instance/I_conet_interf/trigger_fifo_irq_instance/trigger_fifo_0/L31.U_corefifo_async/rptr_gray[3]:D
  Delay (ns):              0.622
  Slack (ns):             -4.194
  Arrival (ns):            1.129
  Required (ns):           5.323
  Operating Conditions:    WORST

Path 5
  From: CAEN_LINK_instance/I_conet_interf/trigger_fifo_irq_instance/trigger_fifo_0/L31.U_corefifo_async/rptr[0]:CLK
  To:   CAEN_LINK_instance/I_conet_interf/trigger_fifo_irq_instance/trigger_fifo_0/L31.U_corefifo_async/rptr[0]:D
  Delay (ns):              0.619
  Slack (ns):             -4.182
  Arrival (ns):            1.125
  Required (ns):           5.307
  Operating Conditions:    WORST

Path 6
  From: CAEN_LINK_instance/I_conet_interf/trigger_fifo_irq_instance/trigger_fifo_0/L31.U_corefifo_async/rptr[2]:CLK
  To:   CAEN_LINK_instance/I_conet_interf/trigger_fifo_irq_instance/trigger_fifo_0/L31.U_corefifo_async/rptr_gray[1]:D
  Delay (ns):              0.650
  Slack (ns):             -4.168
  Arrival (ns):            1.165
  Required (ns):           5.333
  Operating Conditions:    WORST

Path 7
  From: CAEN_LINK_instance/I_conet_interf/trigger_fifo_irq_instance/trigger_fifo_0/L31.U_corefifo_async/rptr[0]:CLK
  To:   CAEN_LINK_instance/I_conet_interf/trigger_fifo_irq_instance/trigger_fifo_0/L31.U_corefifo_async/rptr[1]:D
  Delay (ns):              0.668
  Slack (ns):             -4.159
  Arrival (ns):            1.174
  Required (ns):           5.333
  Operating Conditions:    WORST

Path 8
  From: CAEN_LINK_instance/I_conet_interf/trigger_fifo_irq_instance/trigger_fifo_0/L31.U_corefifo_async/rptr[3]:CLK
  To:   CAEN_LINK_instance/I_conet_interf/trigger_fifo_irq_instance/trigger_fifo_0/L31.U_corefifo_async/rptr_gray[3]:D
  Delay (ns):              0.652
  Slack (ns):             -4.155
  Arrival (ns):            1.168
  Required (ns):           5.323
  Operating Conditions:    WORST

Path 9
  From: CAEN_LINK_instance/I_conet_interf/trigger_fifo_irq_instance/trigger_fifo_0/L31.U_corefifo_async/rptr[2]:CLK
  To:   CAEN_LINK_instance/I_conet_interf/trigger_fifo_irq_instance/trigger_fifo_0/L31.U_corefifo_async/rptr[2]:D
  Delay (ns):              0.650
  Slack (ns):             -4.151
  Arrival (ns):            1.165
  Required (ns):           5.316
  Operating Conditions:    WORST

Path 10
  From: CAEN_LINK_instance/I_conet_interf/trigger_fifo_irq_instance/trigger_fifo_0/L31.U_corefifo_async/rptr[3]:CLK
  To:   CAEN_LINK_instance/I_conet_interf/trigger_fifo_irq_instance/trigger_fifo_0/L31.U_corefifo_async/rptr_gray[2]:D
  Delay (ns):              0.712
  Slack (ns):             -4.112
  Arrival (ns):            1.228
  Required (ns):           5.340
  Operating Conditions:    WORST

Path 11
  From: CAEN_LINK_instance/I_conet_interf/trigger_fifo_irq_instance/trigger_fifo_0/L31.U_corefifo_async/rptr[2]:CLK
  To:   CAEN_LINK_instance/I_conet_interf/trigger_fifo_irq_instance/trigger_fifo_0/L31.U_corefifo_async/rptr[3]:D
  Delay (ns):              0.711
  Slack (ns):             -4.107
  Arrival (ns):            1.226
  Required (ns):           5.333
  Operating Conditions:    WORST

Path 12
  From: CAEN_LINK_instance/I_conet_interf/trigger_fifo_irq_instance/trigger_fifo_0/L31.U_corefifo_async/rptr[2]:CLK
  To:   CAEN_LINK_instance/I_conet_interf/trigger_fifo_irq_instance/trigger_fifo_0/L31.U_corefifo_async/rptr_gray[2]:D
  Delay (ns):              0.726
  Slack (ns):             -4.099
  Arrival (ns):            1.241
  Required (ns):           5.340
  Operating Conditions:    WORST

Path 13
  From: CAEN_LINK_instance/I_conet_interf/trigger_fifo_irq_instance/trigger_fifo_0/L31.U_corefifo_async/rptr[2]:CLK
  To:   CAEN_LINK_instance/I_conet_interf/trigger_fifo_irq_instance/trigger_fifo_0/L31.U_corefifo_async/rptr[4]:D
  Delay (ns):              0.712
  Slack (ns):             -4.097
  Arrival (ns):            1.227
  Required (ns):           5.324
  Operating Conditions:    WORST

Path 14
  From: CAEN_LINK_instance/I_conet_interf/trigger_fifo_irq_instance/trigger_fifo_0/L31.U_corefifo_async/rptr[3]:CLK
  To:   CAEN_LINK_instance/I_conet_interf/trigger_fifo_irq_instance/trigger_fifo_0/L31.U_corefifo_async/rptr[4]:D
  Delay (ns):              0.741
  Slack (ns):             -4.067
  Arrival (ns):            1.257
  Required (ns):           5.324
  Operating Conditions:    WORST

Path 15
  From: CAEN_LINK_instance/I_conet_interf/trigger_fifo_irq_instance/trigger_fifo_0/L31.U_corefifo_async/rptr[3]:CLK
  To:   CAEN_LINK_instance/I_conet_interf/trigger_fifo_irq_instance/trigger_fifo_0/L31.U_corefifo_async/rptr[3]:D
  Delay (ns):              0.740
  Slack (ns):             -4.061
  Arrival (ns):            1.256
  Required (ns):           5.317
  Operating Conditions:    WORST

Path 16
  From: CAEN_LINK_instance/I_conet_interf/trigger_fifo_irq_instance/trigger_fifo_0/L31.U_corefifo_async/rptr[1]:CLK
  To:   CAEN_LINK_instance/I_conet_interf/trigger_fifo_irq_instance/trigger_fifo_0/L31.U_corefifo_async/rptr[3]:D
  Delay (ns):              0.766
  Slack (ns):             -4.051
  Arrival (ns):            1.282
  Required (ns):           5.333
  Operating Conditions:    WORST

Path 17
  From: CAEN_LINK_instance/I_conet_interf/trigger_fifo_irq_instance/trigger_fifo_0/L31.U_corefifo_async/rptr[1]:CLK
  To:   CAEN_LINK_instance/I_conet_interf/trigger_fifo_irq_instance/trigger_fifo_0/L31.U_corefifo_async/rptr[4]:D
  Delay (ns):              0.768
  Slack (ns):             -4.040
  Arrival (ns):            1.284
  Required (ns):           5.324
  Operating Conditions:    WORST

Path 18
  From: CAEN_LINK_instance/I_conet_interf/trigger_fifo_irq_instance/trigger_fifo_0/L31.U_corefifo_async/rptr[1]:CLK
  To:   CAEN_LINK_instance/I_conet_interf/trigger_fifo_irq_instance/trigger_fifo_0/L31.U_corefifo_async/rptr_gray[0]:D
  Delay (ns):              0.782
  Slack (ns):             -4.035
  Arrival (ns):            1.298
  Required (ns):           5.333
  Operating Conditions:    WORST

Path 19
  From: CAEN_LINK_instance/I_CorePCS/Core_PCS_0/GEN_DEC_WA_10.DEC_10/UB/DATA_5B_0_dreg[4]:CLK
  To:   CAEN_LINK_instance/I_CorePCS/Core_PCS_0/GEN_DEC_WA_10.DEC_10/RX_WORD[4]:D
  Delay (ns):              0.753
  Slack (ns):             -4.021
  Arrival (ns):            1.232
  Required (ns):           5.253
  Operating Conditions:    WORST

Path 20
  From: CAEN_LINK_instance/I_CorePCS/Core_PCS_0/GEN_DEC_WA_10.DEC_10/UB/DATA[6]:CLK
  To:   CAEN_LINK_instance/I_CorePCS/Core_PCS_0/GEN_DEC_WA_10.DEC_10/RX_WORD[6]:D
  Delay (ns):              0.753
  Slack (ns):             -4.011
  Arrival (ns):            1.232
  Required (ns):           5.243
  Operating Conditions:    WORST

Path 21
  From: CAEN_LINK_instance/I_conet_interf/trigger_fifo_irq_instance/trigger_fifo_0/L31.U_corefifo_async/rptr[0]:CLK
  To:   CAEN_LINK_instance/I_conet_interf/trigger_fifo_irq_instance/trigger_fifo_0/L31.U_corefifo_async/rptr[3]:D
  Delay (ns):              0.849
  Slack (ns):             -3.978
  Arrival (ns):            1.355
  Required (ns):           5.333
  Operating Conditions:    WORST

Path 22
  From: CAEN_LINK_instance/I_conet_interf/trigger_fifo_irq_instance/trigger_fifo_0/L31.U_corefifo_async/rptr[0]:CLK
  To:   CAEN_LINK_instance/I_conet_interf/trigger_fifo_irq_instance/trigger_fifo_0/L31.U_corefifo_async/rptr[4]:D
  Delay (ns):              0.851
  Slack (ns):             -3.967
  Arrival (ns):            1.357
  Required (ns):           5.324
  Operating Conditions:    WORST

Path 23
  From: CAEN_LINK_instance/I_conet_interf/trigger_fifo_irq_instance/trigger_fifo_0/L31.U_corefifo_async/rptr[0]:CLK
  To:   CAEN_LINK_instance/I_conet_interf/trigger_fifo_irq_instance/trigger_fifo_0/L31.U_corefifo_async/rptr_gray[0]:D
  Delay (ns):              0.879
  Slack (ns):             -3.948
  Arrival (ns):            1.385
  Required (ns):           5.333
  Operating Conditions:    WORST

Path 24
  From: CAEN_LINK_instance/I_conet_interf/trigger_fifo_irq_instance/trigger_fifo_0/L31.U_corefifo_async/rptr[1]:CLK
  To:   CAEN_LINK_instance/I_conet_interf/trigger_fifo_irq_instance/trigger_fifo_0/L31.U_corefifo_async/rptr[2]:D
  Delay (ns):              0.889
  Slack (ns):             -3.927
  Arrival (ns):            1.405
  Required (ns):           5.332
  Operating Conditions:    WORST

Path 25
  From: CAEN_LINK_instance/I_CorePCS/Core_PCS_0/GEN_DEC_WA_10.DEC_10/UB/DATA[5]:CLK
  To:   CAEN_LINK_instance/I_CorePCS/Core_PCS_0/GEN_DEC_WA_10.DEC_10/RX_WORD[5]:D
  Delay (ns):              0.906
  Slack (ns):             -3.880
  Arrival (ns):            1.394
  Required (ns):           5.274
  Operating Conditions:    WORST

Path 26
  From: CAEN_LINK_instance/I_conet_interf/trigger_fifo_irq_instance/trigger_fifo_0/L31.U_corefifo_async/rptr[4]:CLK
  To:   CAEN_LINK_instance/I_conet_interf/trigger_fifo_irq_instance/trigger_fifo_0/L31.U_corefifo_async/empty_r:D
  Delay (ns):              0.964
  Slack (ns):             -3.869
  Arrival (ns):            1.471
  Required (ns):           5.340
  Operating Conditions:    WORST

Path 27
  From: CAEN_LINK_instance/I_conet_interf/trigger_fifo_irq_instance/trigger_fifo_0/L31.U_corefifo_async/rptr[0]:CLK
  To:   CAEN_LINK_instance/I_conet_interf/trigger_fifo_irq_instance/trigger_fifo_0/L31.U_corefifo_async/rptr[2]:D
  Delay (ns):              0.972
  Slack (ns):             -3.854
  Arrival (ns):            1.478
  Required (ns):           5.332
  Operating Conditions:    WORST

Path 28
  From: CAEN_LINK_instance/I_conet_interf/trigger_fifo_irq_instance/trigger_fifo_0/L31.U_corefifo_async/rptr[1]:CLK
  To:   CAEN_LINK_instance/I_conet_interf/trigger_fifo_irq_instance/trigger_fifo_0/L31.U_corefifo_async/empty_r:D
  Delay (ns):              1.100
  Slack (ns):             -3.724
  Arrival (ns):            1.616
  Required (ns):           5.340
  Operating Conditions:    WORST

Path 29
  From: CAEN_LINK_instance/I_conet_interf/trigger_fifo_irq_instance/trigger_fifo_0/L31.U_corefifo_async/rptr[4]:CLK
  To:   CAEN_LINK_instance/I_conet_interf/trigger_fifo_irq_instance/trigger_fifo_0/L31.U_corefifo_async/rptr_gray[4]:D
  Delay (ns):              1.157
  Slack (ns):             -3.663
  Arrival (ns):            1.664
  Required (ns):           5.327
  Operating Conditions:    WORST

Path 30
  From: CAEN_LINK_instance/I_conet_interf/trigger_fifo_irq_instance/trigger_fifo_0/L31.U_corefifo_async/rptr[3]:CLK
  To:   CAEN_LINK_instance/I_conet_interf/trigger_fifo_irq_instance/trigger_fifo_0/L31.U_corefifo_async/empty_r:D
  Delay (ns):              1.197
  Slack (ns):             -3.627
  Arrival (ns):            1.713
  Required (ns):           5.340
  Operating Conditions:    WORST

Path 31
  From: CAEN_LINK_instance/I_conet_interf/trigger_fifo_irq_instance/trigger_fifo_0/L31.U_corefifo_async/rptr[0]:CLK
  To:   CAEN_LINK_instance/I_conet_interf/trigger_fifo_irq_instance/trigger_fifo_0/L31.U_corefifo_async/empty_r:D
  Delay (ns):              1.405
  Slack (ns):             -3.429
  Arrival (ns):            1.911
  Required (ns):           5.340
  Operating Conditions:    WORST

Path 32
  From: CAEN_LINK_instance/I_conet_interf/trigger_fifo_irq_instance/trigger_fifo_0/L31.U_corefifo_async/rptr_gray[3]:CLK
  To:   CAEN_LINK_instance/I_conet_interf/trigger_fifo_irq_instance/trigger_fifo_0/L31.U_corefifo_async/Rd_corefifo_NstagesSync/shift_array_0_[3]:D
  Delay (ns):              0.461
  Slack (ns):             -3.175
  Arrival (ns):            0.967
  Required (ns):           4.142
  Operating Conditions:    WORST

Path 33
  From: CAEN_LINK_instance/I_conet_interf/trigger_fifo_irq_instance/trigger_fifo_0/L31.U_corefifo_async/rptr_gray[0]:CLK
  To:   CAEN_LINK_instance/I_conet_interf/trigger_fifo_irq_instance/trigger_fifo_0/L31.U_corefifo_async/Rd_corefifo_NstagesSync/shift_array_0_[0]:D
  Delay (ns):              0.454
  Slack (ns):             -3.173
  Arrival (ns):            0.970
  Required (ns):           4.143
  Operating Conditions:    WORST

Path 34
  From: CAEN_LINK_instance/I_conet_interf/trigger_fifo_irq_instance/trigger_fifo_0/L31.U_corefifo_async/rptr_gray[1]:CLK
  To:   CAEN_LINK_instance/I_conet_interf/trigger_fifo_irq_instance/trigger_fifo_0/L31.U_corefifo_async/Rd_corefifo_NstagesSync/shift_array_0_[1]:D
  Delay (ns):              0.461
  Slack (ns):             -3.166
  Arrival (ns):            0.977
  Required (ns):           4.143
  Operating Conditions:    WORST

Path 35
  From: CAEN_LINK_instance/I_conet_interf/trigger_fifo_irq_instance/trigger_fifo_0/L31.U_corefifo_async/rptr[2]:CLK
  To:   CAEN_LINK_instance/I_conet_interf/trigger_fifo_irq_instance/trigger_fifo_0/L31.U_corefifo_async/empty_r:D
  Delay (ns):              1.681
  Slack (ns):             -3.144
  Arrival (ns):            2.196
  Required (ns):           5.340
  Operating Conditions:    WORST

Path 36
  From: CAEN_LINK_instance/I_EPCS_SERDES/EPCS_SERDES_IF_0/EPCS_SERDES_IF_0/SERDESIF_INST/INST_SERDESIF_IP:EPCS_TXCLK[0]
  To:   CAEN_LINK_instance/I_EPCS_SERDES/epcs_tx_intf_2/txdout[0]:ALn
  Delay (ns):              1.955
  Slack (ns):             -2.863
  Arrival (ns):            1.955
  Required (ns):           4.818
  Operating Conditions:    WORST

Path 37
  From: CAEN_LINK_instance/I_EPCS_SERDES/EPCS_SERDES_IF_0/EPCS_SERDES_IF_0/SERDESIF_INST/INST_SERDESIF_IP:EPCS_TXCLK[0]
  To:   CAEN_LINK_instance/I_EPCS_SERDES/epcs_tx_intf_2/txdin_p[0]:ALn
  Delay (ns):              1.955
  Slack (ns):             -2.854
  Arrival (ns):            1.955
  Required (ns):           4.809
  Operating Conditions:    WORST

Path 38
  From: vme_int_instance/regs.clocksel[2]:CLK
  To:   clock_selection[0]:D
  Delay (ns):              1.216
  Slack (ns):             -1.247
  Arrival (ns):            5.409
  Required (ns):           6.656
  Operating Conditions:    WORST

Path 39
  From: vme_int_instance/regs.clocksel[1]:CLK
  To:   clock_selection[1]:D
  Delay (ns):              1.251
  Slack (ns):             -1.222
  Arrival (ns):            5.435
  Required (ns):           6.657
  Operating Conditions:    WORST

Path 40
  From: vme_int_instance/regs.clocksel[0]:CLK
  To:   state_clock[1]:D
  Delay (ns):              1.310
  Slack (ns):             -1.147
  Arrival (ns):            5.510
  Required (ns):           6.657
  Operating Conditions:    WORST

Path 41
  From: vme_int_instance/regs.clocksel[0]:CLK
  To:   state_clock[0]:D
  Delay (ns):              1.509
  Slack (ns):             -0.957
  Arrival (ns):            5.709
  Required (ns):           6.666
  Operating Conditions:    WORST

Path 42
  From: RAM_D[30]
  To:   rod_sniffer_instance/ssram_Ds[30]:D
  Delay (ns):              0.721
  Slack (ns):             -0.736
  Arrival (ns):            3.721
  Required (ns):           4.457
  Operating Conditions:    WORST

Path 43
  From: RAM_D[27]
  To:   rod_sniffer_instance/ssram_Ds[27]:D
  Delay (ns):              0.719
  Slack (ns):             -0.735
  Arrival (ns):            3.719
  Required (ns):           4.454
  Operating Conditions:    WORST

Path 44
  From: RAM_D[26]
  To:   rod_sniffer_instance/ssram_Ds[26]:D
  Delay (ns):              0.722
  Slack (ns):             -0.735
  Arrival (ns):            3.722
  Required (ns):           4.457
  Operating Conditions:    WORST

Path 45
  From: RAM_D[31]
  To:   rod_sniffer_instance/ssram_Ds[31]:D
  Delay (ns):              0.720
  Slack (ns):             -0.733
  Arrival (ns):            3.720
  Required (ns):           4.453
  Operating Conditions:    WORST

Path 46
  From: RAM_D[23]
  To:   rod_sniffer_instance/ssram_Ds[23]:D
  Delay (ns):              0.719
  Slack (ns):             -0.732
  Arrival (ns):            3.719
  Required (ns):           4.451
  Operating Conditions:    WORST

Path 47
  From: RAM_D[29]
  To:   rod_sniffer_instance/ssram_Ds[29]:D
  Delay (ns):              0.724
  Slack (ns):             -0.728
  Arrival (ns):            3.724
  Required (ns):           4.452
  Operating Conditions:    WORST

Path 48
  From: RAM_D[28]
  To:   rod_sniffer_instance/ssram_Ds[28]:D
  Delay (ns):              0.727
  Slack (ns):             -0.728
  Arrival (ns):            3.727
  Required (ns):           4.455
  Operating Conditions:    WORST

Path 49
  From: RAM_D[25]
  To:   rod_sniffer_instance/ssram_Ds[25]:D
  Delay (ns):              0.724
  Slack (ns):             -0.727
  Arrival (ns):            3.724
  Required (ns):           4.451
  Operating Conditions:    WORST

Path 50
  From: RAM_D[19]
  To:   rod_sniffer_instance/ssram_Ds[19]:D
  Delay (ns):              0.722
  Slack (ns):             -0.727
  Arrival (ns):            3.722
  Required (ns):           4.449
  Operating Conditions:    WORST

Path 51
  From: RAM_D[18]
  To:   rod_sniffer_instance/ssram_Ds[18]:D
  Delay (ns):              0.725
  Slack (ns):             -0.727
  Arrival (ns):            3.725
  Required (ns):           4.452
  Operating Conditions:    WORST

Path 52
  From: RAM_D[15]
  To:   rod_sniffer_instance/ssram_Ds[15]:D
  Delay (ns):              0.722
  Slack (ns):             -0.725
  Arrival (ns):            3.722
  Required (ns):           4.447
  Operating Conditions:    WORST

Path 53
  From: RAM_D[14]
  To:   rod_sniffer_instance/ssram_Ds[14]:D
  Delay (ns):              0.725
  Slack (ns):             -0.725
  Arrival (ns):            3.725
  Required (ns):           4.450
  Operating Conditions:    WORST

Path 54
  From: RAM_D[11]
  To:   rod_sniffer_instance/ssram_Ds[11]:D
  Delay (ns):              0.721
  Slack (ns):             -0.723
  Arrival (ns):            3.721
  Required (ns):           4.444
  Operating Conditions:    WORST

Path 55
  From: RAM_D[10]
  To:   rod_sniffer_instance/ssram_Ds[10]:D
  Delay (ns):              0.725
  Slack (ns):             -0.722
  Arrival (ns):            3.725
  Required (ns):           4.447
  Operating Conditions:    WORST

Path 56
  From: RAM_D[16]
  To:   rod_sniffer_instance/ssram_Ds[16]:D
  Delay (ns):              0.729
  Slack (ns):             -0.721
  Arrival (ns):            3.729
  Required (ns):           4.450
  Operating Conditions:    WORST

Path 57
  From: RAM_D[7]
  To:   rod_sniffer_instance/ssram_Ds[7]:D
  Delay (ns):              0.723
  Slack (ns):             -0.719
  Arrival (ns):            3.723
  Required (ns):           4.442
  Operating Conditions:    WORST

Path 58
  From: RAM_D[24]
  To:   rod_sniffer_instance/ssram_Ds[24]:D
  Delay (ns):              0.733
  Slack (ns):             -0.719
  Arrival (ns):            3.733
  Required (ns):           4.452
  Operating Conditions:    WORST

Path 59
  From: RAM_D[6]
  To:   rod_sniffer_instance/ssram_Ds[6]:D
  Delay (ns):              0.726
  Slack (ns):             -0.718
  Arrival (ns):            3.726
  Required (ns):           4.444
  Operating Conditions:    WORST

Path 60
  From: RAM_D[17]
  To:   rod_sniffer_instance/ssram_Ds[17]:D
  Delay (ns):              0.729
  Slack (ns):             -0.718
  Arrival (ns):            3.729
  Required (ns):           4.447
  Operating Conditions:    WORST

Path 61
  From: RAM_D[8]
  To:   rod_sniffer_instance/ssram_Ds[8]:D
  Delay (ns):              0.729
  Slack (ns):             -0.716
  Arrival (ns):            3.729
  Required (ns):           4.445
  Operating Conditions:    WORST

Path 62
  From: RAM_D[12]
  To:   rod_sniffer_instance/ssram_Ds[12]:D
  Delay (ns):              0.731
  Slack (ns):             -0.716
  Arrival (ns):            3.731
  Required (ns):           4.447
  Operating Conditions:    WORST

Path 63
  From: CAEN_LINK_instance/I_conet_interf/trigger_fifo_irq_instance/trigger_fifo_0/L31.U_corefifo_async/wptr_gray[3]:CLK
  To:   CAEN_LINK_instance/I_conet_interf/trigger_fifo_irq_instance/trigger_fifo_0/L31.U_corefifo_async/Wr_corefifo_NstagesSync/shift_array_0_[3]:D
  Delay (ns):              0.450
  Slack (ns):             -0.716
  Arrival (ns):            4.584
  Required (ns):           5.300
  Operating Conditions:    WORST

Path 64
  From: RAM_D[9]
  To:   rod_sniffer_instance/ssram_Ds[9]:D
  Delay (ns):              0.727
  Slack (ns):             -0.715
  Arrival (ns):            3.727
  Required (ns):           4.442
  Operating Conditions:    WORST

Path 65
  From: CAEN_LINK_instance/I_conet_interf/trigger_fifo_irq_instance/trigger_fifo_0/L31.U_corefifo_async/wptr_gray[4]:CLK
  To:   CAEN_LINK_instance/I_conet_interf/trigger_fifo_irq_instance/trigger_fifo_0/L31.U_corefifo_async/Wr_corefifo_NstagesSync/shift_array_0_[4]:D
  Delay (ns):              0.461
  Slack (ns):             -0.713
  Arrival (ns):            4.587
  Required (ns):           5.300
  Operating Conditions:    WORST

Path 66
  From: RAM_D[4]
  To:   rod_sniffer_instance/ssram_Ds[4]:D
  Delay (ns):              0.731
  Slack (ns):             -0.712
  Arrival (ns):            3.731
  Required (ns):           4.443
  Operating Conditions:    WORST

Path 67
  From: RAM_D[5]
  To:   rod_sniffer_instance/ssram_Ds[5]:D
  Delay (ns):              0.729
  Slack (ns):             -0.710
  Arrival (ns):            3.729
  Required (ns):           4.439
  Operating Conditions:    WORST

Path 68
  From: CAEN_LINK_instance/I_conet_interf/trigger_fifo_irq_instance/trigger_fifo_0/L31.U_corefifo_async/wptr_gray[1]:CLK
  To:   CAEN_LINK_instance/I_conet_interf/trigger_fifo_irq_instance/trigger_fifo_0/L31.U_corefifo_async/Wr_corefifo_NstagesSync/shift_array_0_[1]:D
  Delay (ns):              0.459
  Slack (ns):             -0.677
  Arrival (ns):            4.623
  Required (ns):           5.300
  Operating Conditions:    WORST

Path 69
  From: CAEN_LINK_instance/I_conet_interf/trigger_fifo_irq_instance/trigger_fifo_0/L31.U_corefifo_async/wptr_gray[2]:CLK
  To:   CAEN_LINK_instance/I_conet_interf/trigger_fifo_irq_instance/trigger_fifo_0/L31.U_corefifo_async/Wr_corefifo_NstagesSync/shift_array_0_[2]:D
  Delay (ns):              0.453
  Slack (ns):             -0.675
  Arrival (ns):            4.617
  Required (ns):           5.292
  Operating Conditions:    WORST

Path 70
  From: RAM_D[3]
  To:   rod_sniffer_instance/ssram_Ds[3]:D
  Delay (ns):              0.733
  Slack (ns):             -0.664
  Arrival (ns):            3.733
  Required (ns):           4.397
  Operating Conditions:    WORST

Path 71
  From: RAM_D[2]
  To:   rod_sniffer_instance/ssram_Ds[2]:D
  Delay (ns):              0.736
  Slack (ns):             -0.664
  Arrival (ns):            3.736
  Required (ns):           4.400
  Operating Conditions:    WORST

Path 72
  From: RAM_D[32]
  To:   rod_sniffer_instance/ssram_Ds[32]:D
  Delay (ns):              0.728
  Slack (ns):             -0.652
  Arrival (ns):            3.728
  Required (ns):           4.380
  Operating Conditions:    WORST

Path 73
  From: CAEN_LINK_instance/I_conet_interf/trigger_fifo_linkres_instance/trigger_fifo_0/L31.U_corefifo_async/rptr_gray[4]:CLK
  To:   CAEN_LINK_instance/I_conet_interf/trigger_fifo_linkres_instance/trigger_fifo_0/L31.U_corefifo_async/Rd_corefifo_NstagesSync/shift_array_0_[4]:D
  Delay (ns):              0.460
  Slack (ns):             -0.651
  Arrival (ns):            4.602
  Required (ns):           5.253
  Operating Conditions:    WORST

Path 74
  From: RAM_D[0]
  To:   rod_sniffer_instance/ssram_Ds[0]:D
  Delay (ns):              0.744
  Slack (ns):             -0.645
  Arrival (ns):            3.744
  Required (ns):           4.389
  Operating Conditions:    WORST

Path 75
  From: RAM_D[1]
  To:   rod_sniffer_instance/ssram_Ds[1]:D
  Delay (ns):              0.743
  Slack (ns):             -0.643
  Arrival (ns):            3.743
  Required (ns):           4.386
  Operating Conditions:    WORST

Path 76
  From: CAEN_LINK_instance/I_conet_interf/trigger_fifo_linkres_instance/trigger_fifo_0/L31.U_corefifo_async/rptr_gray[3]:CLK
  To:   CAEN_LINK_instance/I_conet_interf/trigger_fifo_linkres_instance/trigger_fifo_0/L31.U_corefifo_async/Rd_corefifo_NstagesSync/shift_array_0_[3]:D
  Delay (ns):              0.461
  Slack (ns):             -0.631
  Arrival (ns):            4.613
  Required (ns):           5.244
  Operating Conditions:    WORST

Path 77
  From: CAEN_LINK_instance/I_conet_interf/trigger_fifo_linkres_instance/trigger_fifo_0/L31.U_corefifo_async/rptr_gray[2]:CLK
  To:   CAEN_LINK_instance/I_conet_interf/trigger_fifo_linkres_instance/trigger_fifo_0/L31.U_corefifo_async/Rd_corefifo_NstagesSync/shift_array_0_[2]:D
  Delay (ns):              0.450
  Slack (ns):             -0.631
  Arrival (ns):            4.620
  Required (ns):           5.251
  Operating Conditions:    WORST

Path 78
  From: CAEN_LINK_instance/I_conet_interf/trigger_fifo_linkres_instance/trigger_fifo_0/L31.U_corefifo_async/rptr_gray[1]:CLK
  To:   CAEN_LINK_instance/I_conet_interf/trigger_fifo_linkres_instance/trigger_fifo_0/L31.U_corefifo_async/Rd_corefifo_NstagesSync/shift_array_0_[1]:D
  Delay (ns):              0.461
  Slack (ns):             -0.622
  Arrival (ns):            4.630
  Required (ns):           5.252
  Operating Conditions:    WORST

Path 79
  From: CAEN_LINK_instance/I_conet_interf/trigger_fifo_linkres_instance/trigger_fifo_0/L31.U_corefifo_async/rptr_gray[0]:CLK
  To:   CAEN_LINK_instance/I_conet_interf/trigger_fifo_linkres_instance/trigger_fifo_0/L31.U_corefifo_async/Rd_corefifo_NstagesSync/shift_array_0_[0]:D
  Delay (ns):              0.453
  Slack (ns):             -0.617
  Arrival (ns):            4.624
  Required (ns):           5.241
  Operating Conditions:    WORST

Path 80
  From: vme_int_instance/regs.clocksel[1]:CLK
  To:   clock_selection[0]:D
  Delay (ns):              1.856
  Slack (ns):             -0.616
  Arrival (ns):            6.040
  Required (ns):           6.656
  Operating Conditions:    WORST

Path 81
  From: CAEN_LINK_instance/I_conet_interf/trigger_fifo_irq_instance/trigger_fifo_0/L31.U_corefifo_async/wptr_gray[0]:CLK
  To:   CAEN_LINK_instance/I_conet_interf/trigger_fifo_irq_instance/trigger_fifo_0/L31.U_corefifo_async/Wr_corefifo_NstagesSync/shift_array_0_[0]:D
  Delay (ns):              0.587
  Slack (ns):             -0.578
  Arrival (ns):            4.750
  Required (ns):           5.328
  Operating Conditions:    WORST

Path 82
  From: RAM_D[22]
  To:   rod_sniffer_instance/ssram_Ds[22]:D
  Delay (ns):              0.843
  Slack (ns):             -0.562
  Arrival (ns):            3.843
  Required (ns):           4.405
  Operating Conditions:    WORST

Path 83
  From: RAM_D[20]
  To:   rod_sniffer_instance/ssram_Ds[20]:D
  Delay (ns):              0.851
  Slack (ns):             -0.551
  Arrival (ns):            3.851
  Required (ns):           4.402
  Operating Conditions:    WORST

Path 84
  From: RAM_D[21]
  To:   rod_sniffer_instance/ssram_Ds[21]:D
  Delay (ns):              0.856
  Slack (ns):             -0.534
  Arrival (ns):            3.856
  Required (ns):           4.390
  Operating Conditions:    WORST

Path 85
  From: RAM_D[13]
  To:   rod_sniffer_instance/ssram_Ds[13]:D
  Delay (ns):              0.861
  Slack (ns):             -0.517
  Arrival (ns):            3.861
  Required (ns):           4.378
  Operating Conditions:    WORST

Path 86
  From: GBTx_interface_instance/l1msg_instance/l1msg_0/L31.U_corefifo_async/wptr_gray[7]:CLK
  To:   GBTx_interface_instance/l1msg_instance/l1msg_0/L31.U_corefifo_async/Wr_corefifo_NstagesSync/shift_array_0_[7]:D
  Delay (ns):              0.404
  Slack (ns):             -0.247
  Arrival (ns):            3.377
  Required (ns):           3.624
  Operating Conditions:  TYPICAL

Path 87
  From: CAEN_LINK_instance/I_conet_interf/pckw:CLK
  To:   CAEN_LINK_instance/I_conet_interf/inc[0]:D
  Delay (ns):              0.905
  Slack (ns):             -0.185
  Arrival (ns):            4.490
  Required (ns):           4.675
  Operating Conditions:  TYPICAL

Path 88
  From: GBTx_interface_instance/l1msg_instance/l1msg_0/L31.U_corefifo_async/wptr_gray[4]:CLK
  To:   GBTx_interface_instance/l1msg_instance/l1msg_0/L31.U_corefifo_async/Wr_corefifo_NstagesSync/shift_array_0_[4]:D
  Delay (ns):              0.405
  Slack (ns):             -0.181
  Arrival (ns):            3.422
  Required (ns):           3.603
  Operating Conditions:  TYPICAL

Path 89
  From: GBTx_interface_instance/trigger_fifo_bcr_instance/trigger_fifo_0/L31.U_corefifo_async/wptr_gray[1]:CLK
  To:   GBTx_interface_instance/trigger_fifo_bcr_instance/trigger_fifo_0/L31.U_corefifo_async/Wr_corefifo_NstagesSync/shift_array_0_[1]:D
  Delay (ns):              0.394
  Slack (ns):             -0.170
  Arrival (ns):            3.424
  Required (ns):           3.594
  Operating Conditions:  TYPICAL

Path 90
  From: GBTx_interface_instance/trigger_fifo_bcr_instance/trigger_fifo_0/L31.U_corefifo_async/wptr_gray[2]:CLK
  To:   GBTx_interface_instance/trigger_fifo_bcr_instance/trigger_fifo_0/L31.U_corefifo_async/Wr_corefifo_NstagesSync/shift_array_0_[2]:D
  Delay (ns):              0.407
  Slack (ns):             -0.167
  Arrival (ns):            3.427
  Required (ns):           3.594
  Operating Conditions:  TYPICAL

Path 91
  From: GBTx_interface_instance/trigger_fifo_bcr_instance/trigger_fifo_0/L31.U_corefifo_async/wptr_gray[4]:CLK
  To:   GBTx_interface_instance/trigger_fifo_bcr_instance/trigger_fifo_0/L31.U_corefifo_async/Wr_corefifo_NstagesSync/shift_array_0_[4]:D
  Delay (ns):              0.409
  Slack (ns):             -0.164
  Arrival (ns):            3.429
  Required (ns):           3.593
  Operating Conditions:  TYPICAL

Path 92
  From: GBTx_interface_instance/state_pattern[8]:CLK
  To:   ident_coreinst/IICE_INST/mdiclink_reg[25]:D
  Delay (ns):              0.507
  Slack (ns):             -0.132
  Arrival (ns):            3.489
  Required (ns):           3.621
  Operating Conditions:  TYPICAL

Path 93
  From: CAEN_LINK_instance/I_EPCS_SERDES/EPCS_SERDES_IF_0/EPCS_SERDES_IF_0/SERDESIF_INST/INST_SERDESIF_IP:EPCS_RXCLK_0
  To:   CAEN_LINK_instance/I_EPCS_SERDES/epcs_rx_intf_0/rxdin_l[1]:D
  Delay (ns):              1.390
  Slack (ns):             -0.084
  Arrival (ns):            1.390
  Required (ns):           1.474
  Operating Conditions:    WORST

Path 94
  From: GBTx_interface_instance/GBTx_data_fifo_instance/GBTx_data_fifo_0/L31.U_corefifo_async/rptr_gray[9]:CLK
  To:   GBTx_interface_instance/GBTx_data_fifo_instance/GBTx_data_fifo_0/L31.U_corefifo_async/Rd_corefifo_NstagesSync/shift_array_0_[9]:D
  Delay (ns):              0.395
  Slack (ns):             -0.078
  Arrival (ns):            2.753
  Required (ns):           2.831
  Operating Conditions:     BEST

Path 95
  From: GBTx_interface_instance/GBTx_data_fifo_instance/GBTx_data_fifo_0/L31.U_corefifo_async/rptr_gray[3]:CLK
  To:   GBTx_interface_instance/GBTx_data_fifo_instance/GBTx_data_fifo_0/L31.U_corefifo_async/Rd_corefifo_NstagesSync/shift_array_0_[3]:D
  Delay (ns):              0.397
  Slack (ns):             -0.072
  Arrival (ns):            2.767
  Required (ns):           2.839
  Operating Conditions:     BEST

Path 96
  From: GBTx_interface_instance/GBTx_data_fifo_instance/GBTx_data_fifo_0/L31.U_corefifo_async/rptr_gray[4]:CLK
  To:   GBTx_interface_instance/GBTx_data_fifo_instance/GBTx_data_fifo_0/L31.U_corefifo_async/Rd_corefifo_NstagesSync/shift_array_0_[4]:D
  Delay (ns):              0.401
  Slack (ns):             -0.068
  Arrival (ns):            2.763
  Required (ns):           2.831
  Operating Conditions:     BEST

Path 97
  From: GBTx_interface_instance/l1msg_instance/l1msg_0/L31.U_corefifo_async/wptr_gray[1]:CLK
  To:   GBTx_interface_instance/l1msg_instance/l1msg_0/L31.U_corefifo_async/Wr_corefifo_NstagesSync/shift_array_0_[1]:D
  Delay (ns):              0.505
  Slack (ns):             -0.016
  Arrival (ns):            2.851
  Required (ns):           2.867
  Operating Conditions:     BEST

Path 98
  From: GBTx_interface_instance/l1msg_instance/l1msg_0/L31.U_corefifo_async/wptr_gray[2]:CLK
  To:   GBTx_interface_instance/l1msg_instance/l1msg_0/L31.U_corefifo_async/Wr_corefifo_NstagesSync/shift_array_0_[2]:D
  Delay (ns):              0.505
  Slack (ns):             -0.007
  Arrival (ns):            2.860
  Required (ns):           2.867
  Operating Conditions:     BEST

Path 99
  From: GBTx_interface_instance/l1msg_instance/l1msg_0/L31.U_corefifo_async/wptr_gray[5]:CLK
  To:   GBTx_interface_instance/l1msg_instance/l1msg_0/L31.U_corefifo_async/Wr_corefifo_NstagesSync/shift_array_0_[5]:D
  Delay (ns):              0.506
  Slack (ns):              0.001
  Arrival (ns):            2.853
  Required (ns):           2.852
  Operating Conditions:     BEST

Path 100
  From: GBTx_interface_instance/l1msg_instance/l1msg_0/L31.U_corefifo_async/wptr_gray[3]:CLK
  To:   GBTx_interface_instance/l1msg_instance/l1msg_0/L31.U_corefifo_async/Wr_corefifo_NstagesSync/shift_array_0_[3]:D
  Delay (ns):              0.527
  Slack (ns):              0.007
  Arrival (ns):            2.874
  Required (ns):           2.867
  Operating Conditions:     BEST

